
User1@DESKTOP-6JLUUBJ MINGW64 ~/OneDrive/Desktop/Git
$ git clone https://github.com/MandadiVenkatapathi/tele.git
Cloning into 'tele'...
remote: Enumerating objects: 3, done.
remote: Counting objects: 100% (3/3), done.
remote: Total 3 (delta 0), reused 0 (delta 0), pack-reused 0
Receiving objects: 100% (3/3), done.

User1@DESKTOP-6JLUUBJ MINGW64 ~/OneDrive/Desktop/Git
$ ls
tele/

User1@DESKTOP-6JLUUBJ MINGW64 ~/OneDrive/Desktop/Git
$ git status
fatal: not a git repository (or any of the parent directories): .git

User1@DESKTOP-6JLUUBJ MINGW64 ~/OneDrive/Desktop/Git
$ cd tele

User1@DESKTOP-6JLUUBJ MINGW64 ~/OneDrive/Desktop/Git/tele (main)
$ git status
On branch main
Your branch is up to date with 'origin/main'.

nothing to commit, working tree clean

User1@DESKTOP-6JLUUBJ MINGW64 ~/OneDrive/Desktop/Git/tele (main)
$ git status
On branch main
Your branch is up to date with 'origin/main'.

Untracked files:
  (use "git add <file>..." to include in what will be committed)
        hello.txt

nothing added to commit but untracked files present (use "git add" to track)

User1@DESKTOP-6JLUUBJ MINGW64 ~/OneDrive/Desktop/Git/tele (main)
$ git add .

User1@DESKTOP-6JLUUBJ MINGW64 ~/OneDrive/Desktop/Git/tele (main)
$ git status
On branch main
Your branch is up to date with 'origin/main'.

Changes to be committed:
  (use "git restore --staged <file>..." to unstage)
        new file:   hello.txt


User1@DESKTOP-6JLUUBJ MINGW64 ~/OneDrive/Desktop/Git/tele (main)
$ git commit -m 'first commit'
Author identity unknown

*** Please tell me who you are.

Run

  git config --global user.email "you@example.com"
  git config --global user.name "Your Name"

to set your account's default identity.
Omit --global to set the identity only in this repository.

fatal: unable to auto-detect email address (got 'User1@DESKTOP-6JLUUBJ.(none)')

User1@DESKTOP-6JLUUBJ MINGW64 ~/OneDrive/Desktop/Git/tele (main)
$ git config --global user.email "mandadi.info@gmail.com"

User1@DESKTOP-6JLUUBJ MINGW64 ~/OneDrive/Desktop/Git/tele (main)
$ git config --global user.name "Venkatapathi"

User1@DESKTOP-6JLUUBJ MINGW64 ~/OneDrive/Desktop/Git/tele (main)
$ git commit -m "first commit"
[main 8be904c] first commit
 1 file changed, 1 insertion(+)
 create mode 100644 hello.txt

User1@DESKTOP-6JLUUBJ MINGW64 ~/OneDrive/Desktop/Git/tele (main)
$ git push origin main
Enumerating objects: 4, done.
Counting objects: 100% (4/4), done.
Delta compression using up to 4 threads
Compressing objects: 100% (2/2), done.
Writing objects: 100% (3/3), 318 bytes | 318.00 KiB/s, done.
Total 3 (delta 0), reused 0 (delta 0), pack-reused 0
To https://github.com/MandadiVenkatapathi/tele.git
   65e7a3e..8be904c  main -> main

User1@DESKTOP-6JLUUBJ MINGW64 ~/OneDrive/Desktop/Git/tele (main)
$ git status
On branch main
Your branch is up to date with 'origin/main'.

nothing to commit, working tree clean

User1@DESKTOP-6JLUUBJ MINGW64 ~/OneDrive/Desktop/Git/tele (main)
$ git status
On branch main
Your branch is up to date with 'origin/main'.

Untracked files:
  (use "git add <file>..." to include in what will be committed)
        Arrays/

nothing added to commit but untracked files present (use "git add" to track)

User1@DESKTOP-6JLUUBJ MINGW64 ~/OneDrive/Desktop/Git/tele (main)
$ git add .

User1@DESKTOP-6JLUUBJ MINGW64 ~/OneDrive/Desktop/Git/tele (main)
$ git commit -m "array"
[main 49467cd] array
 4 files changed, 0 insertions(+), 0 deletions(-)
 create mode 100644 Arrays/Arrays step 2 Class 8.pdf
 create mode 100644 Arrays/Arrays step 3 Class 8.pdf
 create mode 100644 Arrays/Arrays step 4 Class 8.pdf
 create mode 100644 Arrays/Wrapperclass and arrays step 1 Class 8.pdf

User1@DESKTOP-6JLUUBJ MINGW64 ~/OneDrive/Desktop/Git/tele (main)
$ git push origin main
Enumerating objects: 8, done.
Counting objects: 100% (8/8), done.
Delta compression using up to 4 threads
Compressing objects: 100% (7/7), done.
Writing objects: 100% (7/7), 2.21 MiB | 2.06 MiB/s, done.
Total 7 (delta 0), reused 0 (delta 0), pack-reused 0
To https://github.com/MandadiVenkatapathi/tele.git
   8be904c..49467cd  main -> main

User1@DESKTOP-6JLUUBJ MINGW64 ~/OneDrive/Desktop/Git/tele (main)
$
